{
  "es": {
    "bye": "adios",
    "time for bed!": "hora de acostarse!"
  },
  "pt": {
    "bye": "tchau",
    "time for bed!": "hora de dormir!"
  }
}
