{
  "es": {
    "bunny rabbit adventure": "conejito conejo aventura",
    "bye": "adios",
    "time for bed!": "hora de acostarse!"
  }
}
