{
  "pt": {
    "bunny rabbit adventure": "a aventura da coelhinha",
    "bye": "tchau",
    "time for bed!": "hora de dormir!"
  }
}
